### Result

Sweep Result { POs: []
Specs: [ Precondition at ./test/source/Server/spec-qm-1.gcl [0-6] 1:1-3:3
       `True`
       Postcondition
       `True` ]
Props: []
Warnings: [] }

### Source

[!

!]

{ True }

### Trace

TraceLog "      [ save ] Parsed"
TraceLog "    < DigHole ./test/source/Server/spec-qm-1.gcl [0-1] 1:1-2"
TraceGetSource
TraceLog "      [ edit ] Replace ./test/source/Server/spec-qm-1.gcl [0-1] 1:1-2 \"?\" \n      with \"[!\n\n!]\""
TraceEditText ./test/source/Server/spec-qm-1.gcl [0-1] 1:1-2 "[!\n\n!]"
TraceLog "      [ save ] Parsed"
TraceLog "      [ save ] Converted"
TraceLog "      [ save ] Converted"
TraceLog "      [ save ] TypeChecked"
TraceLog "      [ save ] Swept"
