### Result

Sweep Result { POs: [ Conditional at ./test/source/Server/spec-qm-3.gcl [0-33] 1:1-5:3 #68beda4372bea491
                    `True
                    ⇒
                    True`
                    explanation not available ]
Specs: [ Precondition at ./test/source/Server/spec-qm-3.gcl [16-30] 2:5-4:7
       `True ∧ True`
       Postcondition
       `True` ]
Props: []
Warnings: [] }

### Source

if True -> 
    [!
    
    !]
fi

{ True }

### Trace

TraceLog "      [ save ] Parsed"
TraceLog "    < DigHole ./test/source/Server/spec-qm-3.gcl [16-17] 2:5-6"
TraceGetSource
TraceLog "      [ edit ] Replace ./test/source/Server/spec-qm-3.gcl [16-17] 2:5-6 \"?\" \n      with \"[!\n    \n    !]\""
TraceEditText ./test/source/Server/spec-qm-3.gcl [16-17] 2:5-6 "[!\n    \n    !]"
TraceLog "      [ save ] Parsed"
TraceLog "      [ save ] Converted"
TraceLog "      [ save ] Converted"
TraceLog "      [ save ] TypeChecked"
TraceLog "      [ save ] Swept"
