### Result

[["skip"], ["skip"], ["skip", "    skip", "abort"], ["skip"], ["skip"], ["?"]]

### Source

[!
skip
!]

[!
    skip
!]


[!
    skip
        skip
    abort
!]


[!skip!]


[!  skip  !]

if True ->  [!
            ?
            !]
fi

{ True }

### Trace

TraceLog "      [ save ] Parsed"
TraceLog "      [ save ] Converted"
TraceLog "      [ save ] TypeChecked"
TraceLog "      [ save ] Swept"
