do True ->

    skip
    skip
    skip

 | True ->
    skip
    skip
    skip
od