{ 0 = 0 }
if 0 = 1 -> skip
 | 0 = 2 -> abort
fi
{ 0 = 3 }