### Result

[ Type Error ./test/source/WP/assignment.gcl:2:1-2
The definition x is not in scope ]

### Source

{ True }
x := 1
{ 0 = x }

### Trace

TraceLog "      [ save ] Parsed"
TraceLog "      [ save ] Converted"
