### Result

[]

### Source



### Trace

TraceLog "      [ save ] Parsed"
TraceLog "      [ save ] Converted"
TraceLog "      [ save ] TypeChecked"
TraceLog "      [ save ] Swept"
