### Result

[]

### Source

con N : Int { 0 â‰¤ N }
var r : Int

{:  
:}

{-
-}

### Trace

TraceLog "      [ save ] Parsed"
TraceLog "      [ save ] Converted"
TraceLog "      [ save ] TypeChecked"
TraceLog "      [ save ] Swept"
