1: P (n + i)
  P (n + i) ===> ⟨ ∀ ?i_9 : 0 ≤ ?i_9 < n + i : f ?i_9 ⟩
    
2: P (n + i)
  P (n + i) ===> ⟨ ∀ ?i_19 : 0 ≤ ?i_19 < n + i : f ?i_19 ⟩
    