4: P [ s \ 0 ] 0
  P [ s \ 0 ] 0 ===> 0 = ⟨ ↑ ij : 0 ≤ i ≤ j ≤ 0 : sum i j ⟩
    123: sum i j
      sum i j ===> ⟨ Σ k : i ≤ k < j : f[k] ⟩
        
5: Q 0
  Q 0 ===> r = ⟨ ↑ i : 0 ≤ i ≤ 0 : sum i 0 ⟩
    154: sum i 0
      sum i 0 ===> ⟨ Σ k : i ≤ k < 0 : f[k] ⟩
        
6: P [ s \ 0 ] 0
  P [ s \ 0 ] 0 ===> 0 = ⟨ ↑ ij : 0 ≤ i ≤ j ≤ 0 : sum i j ⟩
    190: sum i j
      sum i j ===> ⟨ Σ k : i ≤ k < j : f[k] ⟩
        
7: Q 0
  Q 0 ===> r = ⟨ ↑ i : 0 ≤ i ≤ 0 : sum i 0 ⟩
    232: sum i 0
      sum i 0 ===> ⟨ Σ k : i ≤ k < 0 : f[k] ⟩
        
20: P n
  P n ===> s = ⟨ ↑ ij : 0 ≤ i ≤ j ≤ n : sum i j ⟩
    269: sum i j
      sum i j ===> ⟨ Σ k : i ≤ k < j : f[k] ⟩
        
21: Q n
  Q n ===> r = ⟨ ↑ i : 0 ≤ i ≤ n : sum i n ⟩
    300: sum i n
      sum i n ===> ⟨ Σ k : i ≤ k < n : f[k] ⟩
        
35: P (n + 1)
  P (n + 1) ===> s = ⟨ ↑ ij : 0 ≤ i ≤ j ≤ n + 1 : sum i j ⟩
    332: sum i j
      sum i j ===> ⟨ Σ k : i ≤ k < j : f[k] ⟩
        
36: Q (n + 1)
  Q (n + 1) ===> r = ⟨ ↑ i : 0 ≤ i ≤ n + 1 : sum i (n + 1) ⟩
    363: sum i (n + 1)
      sum i (n + 1) ===> ⟨ Σ k : i ≤ k < n + 1 : f[k] ⟩
        
37: P [ s \ s ↑ r ] (n + 1)
  P [ s \ s ↑ r ] (n + 1) ===> s ↑ r = ⟨ ↑ ij : 0 ≤ i ≤ j ≤ n + 1 : sum i j ⟩
    402: sum i j
      sum i j ===> ⟨ Σ k : i ≤ k < j : f[k] ⟩
        
39: Q (n + 1)
  Q (n + 1) ===> r = ⟨ ↑ i : 0 ≤ i ≤ n + 1 : sum i (n + 1) ⟩
    444: sum i (n + 1)
      sum i (n + 1) ===> ⟨ Σ k : i ≤ k < n + 1 : f[k] ⟩
        
45: P [ s \ s ↑ r ] [ r \ r + f[n] ↑ 0 ] (n + 1)
  P [ s \ s ↑ r ] [ r \ r + f[n] ↑ 0 ] (n + 1) ===> s ↑ r + f[n] ↑ 0 = ⟨ ↑ ij : 0 ≤ i ≤ j ≤ n + 1 : sum i j ⟩
    497: sum i j
      sum i j ===> ⟨ Σ k : i ≤ k < j : f[k] ⟩
        
47: Q [ r \ r + f[n] ↑ 0 ] (n + 1)
  Q [ r \ r + f[n] ↑ 0 ] (n + 1) ===> r + f[n] ↑ 0 = ⟨ ↑ i : 0 ≤ i ≤ n + 1 : sum i (n + 1) ⟩
    550: sum i (n + 1)
      sum i (n + 1) ===> ⟨ Σ k : i ≤ k < n + 1 : f[k] ⟩
        
63: P n
  P n ===> s = ⟨ ↑ ij : 0 ≤ i ≤ j ≤ n : sum i j ⟩
    592: sum i j
      sum i j ===> ⟨ Σ k : i ≤ k < j : f[k] ⟩
        
64: Q n
  Q n ===> r = ⟨ ↑ i : 0 ≤ i ≤ n : sum i n ⟩
    623: sum i n
      sum i n ===> ⟨ Σ k : i ≤ k < n : f[k] ⟩
        
65: P [ s \ s ↑ r ] [ r \ r + f[n] ↑ 0 ] (n + 1)
  P [ s \ s ↑ r ] [ r \ r + f[n] ↑ 0 ] (n + 1) ===> s ↑ r + f[n] ↑ 0 = ⟨ ↑ ij : 0 ≤ i ≤ j ≤ n + 1 : sum i j ⟩
    681: sum i j
      sum i j ===> ⟨ Σ k : i ≤ k < j : f[k] ⟩
        
67: Q [ r \ r + f[n] ↑ 0 ] (n + 1)
  Q [ r \ r + f[n] ↑ 0 ] (n + 1) ===> r + f[n] ↑ 0 = ⟨ ↑ i : 0 ≤ i ≤ n + 1 : sum i (n + 1) ⟩
    747: sum i (n + 1)
      sum i (n + 1) ===> ⟨ Σ k : i ≤ k < n + 1 : f[k] ⟩
        
83: P n
  P n ===> s = ⟨ ↑ ij : 0 ≤ i ≤ j ≤ n : sum i j ⟩
    794: sum i j
      sum i j ===> ⟨ Σ k : i ≤ k < j : f[k] ⟩
        
84: Q n
  Q n ===> r = ⟨ ↑ i : 0 ≤ i ≤ n : sum i n ⟩
    825: sum i n
      sum i n ===> ⟨ Σ k : i ≤ k < n : f[k] ⟩
        
108: P n
  P n ===> s = ⟨ ↑ ij : 0 ≤ i ≤ j ≤ n : sum i j ⟩
    857: sum i j
      sum i j ===> ⟨ Σ k : i ≤ k < j : f[k] ⟩
        
109: Q n
  Q n ===> r = ⟨ ↑ i : 0 ≤ i ≤ n : sum i n ⟩
    888: sum i n
      sum i n ===> ⟨ Σ k : i ≤ k < n : f[k] ⟩
        