4: P 3 (Q [ y \ y + 1 ] 1)
  P 3 (Q [ y \ y + 1 ] 1) ===> 3 = Q [ y \ y + 1 ] 1
    3: Q [ y \ y + 1 ] 1
      Q [ y \ y + 1 ] 1 ===> y + 1
        
5: P 3 (Q [ y \ y + 1 ] 1)
  P 3 (Q [ y \ y + 1 ] 1) ===> 3 = Q [ y \ y + 1 ] 1
    6: Q [ y \ y + 1 ] 1
      Q [ y \ y + 1 ] 1 ===> y + 1
        