1: P [ a \ 3 ] 3
  P [ a \ 3 ] 3 ===> 3 = 3
    
2: P [ a \ 3 ] 3
  P [ a \ 3 ] 3 ===> 3 = 3
    