1: P (y + 1)
  P (y + 1) ===> y + 1 = 3
    
2: P (y + 1)
  P (y + 1) ===> y + 1 = 3
    