0: Father
  Father ===> Son + 1
    1: Son
      Son ===> 0
        